// Jest Snapshot v1, https://goo.gl/fbAQLP

exports[`CreateAccount component renders the given component 1`] = `
<main
  className="RegisterPage"
>
  <h2>
    Create an Account
  </h2>
  <form
    className="login-form"
    onSubmit={[Function]}
  >
    <div
      role="alert"
    />
    <div
      className="signup-element"
    >
      <div
        className="signup-label"
      >
        <label
          htmlFor="username"
        >
          Username
        </label>
        <span
          className="astrik"
        >
          *
        </span>
      </div>
      <div
        className="signup-input"
      >
        <input
          id="username"
          name="username"
          required={true}
          type="text"
        />
      </div>
    </div>
    <div
      className="signup-element"
    >
      <div
        className="signup-label"
      >
        <label
          htmlFor="password"
        >
          Password
        </label>
        <span
          className="astrik"
        >
          *
        </span>
      </div>
      <div
        className="signup-input"
      >
        <input
          id="password"
          name="password"
          required={true}
          type="password"
        />
      </div>
    </div>
    <div
      className="signup-element"
    >
      <div
        className="signup-label"
      >
        <label
          htmlFor="confirm-pw"
        >
          Confirm Password
        </label>
        <span
          className="astrik"
        >
          *
        </span>
      </div>
      <div
        className="signup-input"
      >
        <input
          id="confirm-pw"
          name="confirm-pw"
          required={true}
          type="password"
        />
      </div>
    </div>
    <div
      className="signin-button"
    >
      <button
        className="btn btn-sign-in"
        type="submit"
      >
        Create an Account
      </button>
    </div>
    <div
      className="signup-demo"
    >
      <p>
        Password must be longer than 8 characters and contain one upper case, lower case, number and special character.
      </p>
    </div>
    <div
      className="login-form-redirect"
    >
      <Link
        to="/login"
      >
        Already have an Account?
      </Link>
    </div>
  </form>
</main>
`;
