// Jest Snapshot v1, https://goo.gl/fbAQLP

exports[`FlightForm component renders the component's given props 1`] = `
<section
  className="trip-flight-form"
>
  <header
    className="flight-form-header"
  >
    <h2>
      Flights 
      <i
        className="fas fa-plus-circle"
        onClick={[Function]}
      />
    </h2>
  </header>
</section>
`;

exports[`FlightForm component renders the given component 1`] = `
<section
  className="trip-flight-form"
>
  <header
    className="flight-form-header"
  >
    <h2>
      Flights 
      <i
        className="fas fa-plus-circle"
        onClick={[Function]}
      />
    </h2>
  </header>
</section>
`;
