// Jest Snapshot v1, https://goo.gl/fbAQLP

exports[`LandingPage component renders the given component 1`] = `
<main
  className="landing-page container"
>
  <header
    className="landing-page-header"
  >
    <h1>
      Trip Planning Simplified
    </h1>
    <Link
      className="link btn"
      to="/register"
    >
      Create an Account
    </Link>
  </header>
  <h2
    className="landing-descript-header"
  >
    Plan-n-Go Functionalities
  </h2>
  <section
    className="landing-descript-container"
  >
    <section
      className="landing-descript-one"
    >
      <div
        className="landing-descript-img-data"
      >
        <img
          alt="secure data"
          className="descript-img"
          src="secure-data.jpg"
        />
      </div>
      <p
        className="landing-description"
      >
        Manage Countless Amount of Trips in One Place while knowing that your Data is Secure.
      </p>
    </section>
    <section
      className="landing-descript-two"
    >
      <div
        className="landing-descript-img-data"
      >
        <img
          alt="secure data"
          className="descript-img"
          src="itinerary.jpg"
        />
      </div>
      <p
        className="landing-description"
      >
        Create Lavish Trip Excursions with our Detailed Travel Itinerary.
      </p>
    </section>
    <section
      className="landing-descript-two"
    >
      <div
        className="landing-descript-img-data"
      >
        <img
          alt="secure data"
          className="descript-img"
          src="packing-list.jpg"
        />
      </div>
      <p
        className="landing-description"
      >
        Check, Add, and Delete Items off our Intuitive Packing List.
      </p>
    </section>
  </section>
  <section
    className="landing-page-reminder"
  >
    <Link
      className="link btn"
      to="/register"
    >
      Get Started
    </Link>
  </section>
</main>
`;
