// Jest Snapshot v1, https://goo.gl/fbAQLP

exports[`UpdateFlightForm component renders the component's given props 1`] = `
<main
  className="UpdateFlightForm"
>
  <div
    className="btn-div"
  >
    <i
      className="far fa-edit"
      onClick={[Function]}
    />
    <i
      className="far fa-trash-alt"
      onClick={[Function]}
    />
  </div>
</main>
`;

exports[`UpdateFlightForm component renders the given component 1`] = `
<main
  className="UpdateFlightForm"
>
  <div
    className="btn-div"
  >
    <i
      className="far fa-edit"
      onClick={[Function]}
    />
    <i
      className="far fa-trash-alt"
      onClick={[Function]}
    />
  </div>
</main>
`;
